// Vitest Snapshot v1, https://vitest.dev/guide/snapshot.html

exports[`<IngredientForm /> > does not fire submit when incomplete 1`] = `"<form class=\\"mb-4 rounded border border-gray-100 bg-white px-8 py-6 shadow-md\\"><h1 class=\\"mb-4 text-2xl font-bold text-gray-800\\">New ingredient</h1><div class=\\"mb-4\\"><label class=\\"mb-2 block font-bold text-gray-800\\" for=\\"name\\">Name</label><input class=\\"w-full appearance-none rounded border py-2 px-3 leading-tight text-gray-800 shadow focus:border-black focus:outline-none\\" id=\\"name\\" type=\\"text\\" placeholder=\\"Honey\\" required=\\"\\"></div><div class=\\"mb-4\\"><label class=\\"mb-2 block font-bold text-gray-800\\" for=\\"unitType\\">Unit of measurement</label><select class=\\"w-full rounded border py-2 px-3 leading-tight text-gray-800 shadow focus:border-black focus:outline-none\\" id=\\"unitType\\"><option value=\\"units\\">units</option><option value=\\"grams\\">grams</option><option value=\\"ml\\">ml</option><option value=\\"spoons\\">spoons</option></select></div><div class=\\"mb-4\\"><label class=\\"mb-2 block font-bold text-gray-800\\" for=\\"cost\\">Cost per unit of measurement</label><input class=\\"w-full appearance-none rounded border py-2 px-3 leading-tight text-gray-800 shadow focus:border-black focus:outline-none\\" id=\\"cost\\" type=\\"number\\" placeholder=\\"0.05\\" required=\\"\\" step=\\".01\\"></div><div class=\\"flex flex-wrap gap-2\\"><input type=\\"submit\\" class=\\"focus:shadow-outline cursor-pointer rounded-full bg-lime-400 py-2 px-4 font-bold text-white hover:bg-lime-500 focus:outline-none\\" value=\\"Create ingredient\\"><button class=\\"focus:shadow-outline rounded-full bg-gray-100 py-2 px-4 font-bold text-black hover:bg-gray-300 focus:outline-none\\">Cancel</button></div></form>"`;

exports[`<IngredientForm /> > renders 1`] = `"<form class=\\"mb-4 rounded border border-gray-100 bg-white px-8 py-6 shadow-md\\"><h1 class=\\"mb-4 text-2xl font-bold text-gray-800\\">New ingredient</h1><div class=\\"mb-4\\"><label class=\\"mb-2 block font-bold text-gray-800\\" for=\\"name\\">Name</label><input class=\\"w-full appearance-none rounded border py-2 px-3 leading-tight text-gray-800 shadow focus:border-black focus:outline-none\\" id=\\"name\\" type=\\"text\\" placeholder=\\"Honey\\" required=\\"\\"></div><div class=\\"mb-4\\"><label class=\\"mb-2 block font-bold text-gray-800\\" for=\\"unitType\\">Unit of measurement</label><select class=\\"w-full rounded border py-2 px-3 leading-tight text-gray-800 shadow focus:border-black focus:outline-none\\" id=\\"unitType\\"><option value=\\"units\\">units</option><option value=\\"grams\\">grams</option><option value=\\"ml\\">ml</option><option value=\\"spoons\\">spoons</option></select></div><div class=\\"mb-4\\"><label class=\\"mb-2 block font-bold text-gray-800\\" for=\\"cost\\">Cost per unit of measurement</label><input class=\\"w-full appearance-none rounded border py-2 px-3 leading-tight text-gray-800 shadow focus:border-black focus:outline-none\\" id=\\"cost\\" type=\\"number\\" placeholder=\\"0.05\\" required=\\"\\" step=\\".01\\"></div><div class=\\"flex flex-wrap gap-2\\"><input type=\\"submit\\" class=\\"focus:shadow-outline cursor-pointer rounded-full bg-lime-400 py-2 px-4 font-bold text-white hover:bg-lime-500 focus:outline-none\\" value=\\"Create ingredient\\"><button class=\\"focus:shadow-outline rounded-full bg-gray-100 py-2 px-4 font-bold text-black hover:bg-gray-300 focus:outline-none\\">Cancel</button></div></form>"`;

exports[`<IngredientForm /> > show validation errors 1`] = `"<form class=\\"mb-4 rounded border border-gray-100 bg-white px-8 py-6 shadow-md\\"><h1 class=\\"mb-4 text-2xl font-bold text-gray-800\\">New ingredient</h1><div class=\\"mb-4\\"><label class=\\"mb-2 block font-bold text-gray-800\\" for=\\"name\\">Name</label><input class=\\"w-full appearance-none rounded border py-2 px-3 leading-tight text-gray-800 shadow focus:border-black focus:outline-none\\" id=\\"name\\" type=\\"text\\" placeholder=\\"Honey\\" required=\\"\\"></div><div class=\\"mb-4\\"><label class=\\"mb-2 block font-bold text-gray-800\\" for=\\"unitType\\">Unit of measurement</label><select class=\\"w-full rounded border py-2 px-3 leading-tight text-gray-800 shadow focus:border-black focus:outline-none\\" id=\\"unitType\\"><option value=\\"units\\">units</option><option value=\\"grams\\">grams</option><option value=\\"ml\\">ml</option><option value=\\"spoons\\">spoons</option></select></div><div class=\\"mb-4\\"><label class=\\"mb-2 block font-bold text-gray-800\\" for=\\"cost\\">Cost per unit of measurement</label><input class=\\"w-full appearance-none rounded border py-2 px-3 leading-tight text-gray-800 shadow focus:border-black focus:outline-none\\" id=\\"cost\\" type=\\"number\\" placeholder=\\"0.05\\" required=\\"\\" step=\\".01\\"></div><div class=\\"flex flex-wrap gap-2\\"><input type=\\"submit\\" class=\\"focus:shadow-outline cursor-pointer rounded-full bg-lime-400 py-2 px-4 font-bold text-white hover:bg-lime-500 focus:outline-none\\" value=\\"Create ingredient\\"><button class=\\"focus:shadow-outline rounded-full bg-gray-100 py-2 px-4 font-bold text-black hover:bg-gray-300 focus:outline-none\\">Cancel</button></div><p class=\\"font-bold text-red-600\\">cost per unit of measurement must be greater than or equal to 0</p></form>"`;
